[backblue.gif]
[fade.gif]
[index.html]
[cdn.jsdelivr.net/npm/bootstrap-icons@1.11.3/font/bootstrap-icons.min.css]
[cdnjs.cloudflare.com/ajax/libs/font-awesome/6.5.0/css/all.min.css]
[unpkg.com/aos@2.3.1/dist/aos.css]
[pagead2.googlesyndication.com/pagead/js/fc761.txt]
[localhost_5121/images/logo.png]
[localhost_5121/images/RX Medo Text.mp4]
[localhost_5121/images/testimonals1.jpg]
[localhost_5121/images/test1.jpg]
[localhost_5121/images/testimonials6.jpg]
[localhost_5121/images/testimonials2.jpg]
[localhost_5121/images/testimonials.jpg]
[localhost_5121/images/testimonials5.jpg]
[localhost_5121/lib/jquery/dist/jquery.min.js]
[localhost_5121/lib/bootstrap/dist/js/bootstrap.bundle.min.js]
[localhost_5121/js/site3d49.js]
[localhost_5121/js/navbar-active8e7c.js]
[localhost_5121/js/mobile-menub273.js]
[localhost_5121/js/disable-swipe2953.js]
[unpkg.com/aos@2.3.1/dist/aos.js]
[localhost_5121/js/hero-video7903.js]
[localhost_5121/index.html]
[localhost_5121/lib/bootstrap/dist/css/bootstrap.min.css]
[cdn.jsdelivr.net/npm/bootstrap-icons@1.11.3/font/fonts/bootstrap-icons0107.woff2]
[cdn.jsdelivr.net/npm/bootstrap-icons@1.11.3/font/fonts/bootstrap-icons0107.woff]
[cdn.jsdelivr.net/npm/bootstrap-icons@1.11.3/font/bootstrap-icons.min.css]
[cdnjs.cloudflare.com/ajax/libs/font-awesome/6.5.0/css/all.min.css]
[localhost_5121/css/site224e.css]
[localhost_5121/css/navbar-footer1287.css]
[localhost_5121/images/stethoscope.png]
[localhost_5121/images/service.png]
[localhost_5121/css/homepage885b.css]
[localhost_5121/css/diagnostics0076.css]
[localhost_5121/css/membership278c.css]
[localhost_5121/css/offers1ca2.css]
[localhost_5121/css/opd9c39.css]
[localhost_5121/css/pharmacy1cbb.css]
[localhost_5121/css/pharmacy-stepsc896.css]
[localhost_5121/css/hospitals5f63.css]
[localhost_5121/css/form-styles8a13.css]
[localhost_5121/css/payment74ef.css]
[localhost_5121/css/membership-cardc6be.css]
[localhost_5121/css/navbar-toggle-fix.html]
[localhost_5121/css/mobile-menu4616.css]
[localhost_5121/css/desktop-navbare91c.css]
[localhost_5121/RxMedoWeb.styles62d4.css]
[unpkg.com/aos@2.3.1/dist/aos.css]
[localhost_5121/images/card-1.jpg]
[localhost_5121/images/card-1_b.png]
[localhost_5121/images/card-2.jpg]
[localhost_5121/images/back2.png]
[localhost_5121/images/medical-section-removebg.png]
[localhost_5121/Offers.html]
[cdnjs.cloudflare.com/ajax/libs/font-awesome/6.5.1/css/all.min.css]
[localhost_5121/images/opd-bg.png]
[localhost_5121/images/opd1.jpg]
[cdnjs.cloudflare.com/ajax/libs/animate.css/4.1.1/animate.min.css]
[localhost_5121/OPD.html]
[localhost_5121/images/pharmacy-bg.png]
[localhost_5121/Pharmacy.html]
[localhost_5121/js/navbar-toggle-fix.html]
[localhost_5121/images/pattern.svg]
[localhost_5121/css/offers.css]
[cdnjs.cloudflare.com/ajax/libs/font-awesome/6.5.1/css/all.min.css]
[localhost_5121/css/opd7839.css]
[cdnjs.cloudflare.com/ajax/libs/animate.css/4.1.1/animate.min.css]
[localhost_5121/Hospitals.html]
[localhost_5121/Diagnostics.html]
[localhost_5121/Membership.html]
